../source/router_eligible_device_app.c:1617:13:APP_Equipo3CounterTick	0	static
../source/router_eligible_device_app.c:547:13:APP_ThrNwkJoin	8	static
../source/router_eligible_device_app.c:819:13:APP_JoinEventsHandler	8	static
../source/router_eligible_device_app.c:565:13:App_JoinTimerCallback	8	static
../source/router_eligible_device_app.c:700:13:APP_AppModeHandleKeyboard	8	static
../source/router_eligible_device_app.c:1636:13:APP_Equipo3TimerCallback	8	static
../source/router_eligible_device_app.c:795:13:App_UpdateStateLeds	8	static
../source/router_eligible_device_app.c:586:13:APP_ConfigModeSwShortPressHandler	8	static
../source/router_eligible_device_app.c:657:13:APP_ConfigModeHandleKeyboard	8	static
../source/router_eligible_device_app.c:769:13:App_HandleKeyboard	8	static
../source/router_eligible_device_app.c:1422:13:App_RestoreLeaderLed	8	static
../source/router_eligible_device_app.c:1155:13:APP_LocalDataSinkRelease	24	static
../source/router_eligible_device_app.c:954:20:APP_SendDataSinkCommand	40	static
../source/router_eligible_device_app.c:1005:13:APP_SendDataSinkRelease	24	static
../source/router_eligible_device_app.c:867:13:APP_CoapGenericCallback	8	static
../source/router_eligible_device_app.c:1383:13:APP_CoapSinkCb	16	static
../source/router_eligible_device_app.c:1208:13:APP_ProcessLedCmd	24	static
../source/router_eligible_device_app.c:1029:13:APP_SendLedCommand	24	static
../source/router_eligible_device_app.c:1137:13:APP_SendLedColorWheel	32	static
../source/router_eligible_device_app.c:1120:13:APP_SendLedFlash	16	static
../source/router_eligible_device_app.c:1103:13:APP_SendLedRgbOff	40	static
../source/router_eligible_device_app.c:1178:13:APP_CoapLedCb	16	static
../source/router_eligible_device_app.c:1072:13:APP_SendLedRgbOn	56	static
../source/router_eligible_device_app.c:905:13:APP_ReportTemp	24	static
../source/router_eligible_device_app.c:983:13:APP_SendDataSinkCreate	16	static
../source/router_eligible_device_app.c:520:13:APP_InitCoapDemo	88	static
../source/router_eligible_device_app.c:1527:13:APP_CoapEquipo3Cb	80	static
../source/router_eligible_device_app.c:1312:13:APP_CoapTempCb	88	static
../source/router_eligible_device_app.c:201:6:APP_Init	8	static
../source/router_eligible_device_app.c:263:6:APP_Handler	8	static
../source/router_eligible_device_app.c:288:6:APP_NwkScanHandler	16	static
../source/router_eligible_device_app.c:314:6:Stack_to_APP_Handler	16	static
../source/router_eligible_device_app.c:436:6:APP_Commissioning_Handler	80	static
../source/router_eligible_device_app.c:504:6:App_RestoreLeaderLedCb	8	static
