../source/router_eligible_device_app.c:1495:13:APP_CoapEquipo3Cb	0	static
../source/router_eligible_device_app.c:520:13:APP_ThrNwkJoin	8	static
../source/router_eligible_device_app.c:792:13:APP_JoinEventsHandler	8	static
../source/router_eligible_device_app.c:538:13:App_JoinTimerCallback	8	static
../source/router_eligible_device_app.c:673:13:APP_AppModeHandleKeyboard	8	static
../source/router_eligible_device_app.c:768:13:App_UpdateStateLeds	8	static
../source/router_eligible_device_app.c:559:13:APP_ConfigModeSwShortPressHandler	8	static
../source/router_eligible_device_app.c:630:13:APP_ConfigModeHandleKeyboard	8	static
../source/router_eligible_device_app.c:742:13:App_HandleKeyboard	8	static
../source/router_eligible_device_app.c:1395:13:App_RestoreLeaderLed	8	static
../source/router_eligible_device_app.c:1128:13:APP_LocalDataSinkRelease	24	static
../source/router_eligible_device_app.c:927:20:APP_SendDataSinkCommand	40	static
../source/router_eligible_device_app.c:978:13:APP_SendDataSinkRelease	24	static
../source/router_eligible_device_app.c:840:13:APP_CoapGenericCallback	8	static
../source/router_eligible_device_app.c:1356:13:APP_CoapSinkCb	16	static
../source/router_eligible_device_app.c:1181:13:APP_ProcessLedCmd	24	static
../source/router_eligible_device_app.c:1002:13:APP_SendLedCommand	24	static
../source/router_eligible_device_app.c:1110:13:APP_SendLedColorWheel	32	static
../source/router_eligible_device_app.c:1093:13:APP_SendLedFlash	16	static
../source/router_eligible_device_app.c:1076:13:APP_SendLedRgbOff	40	static
../source/router_eligible_device_app.c:1151:13:APP_CoapLedCb	16	static
../source/router_eligible_device_app.c:1045:13:APP_SendLedRgbOn	56	static
../source/router_eligible_device_app.c:878:13:APP_ReportTemp	24	static
../source/router_eligible_device_app.c:956:13:APP_SendDataSinkCreate	16	static
../source/router_eligible_device_app.c:493:13:APP_InitCoapDemo	88	static
../source/router_eligible_device_app.c:1285:13:APP_CoapTempCb	88	static
../source/router_eligible_device_app.c:188:6:APP_Init	8	static
../source/router_eligible_device_app.c:250:6:APP_Handler	8	static
../source/router_eligible_device_app.c:275:6:APP_NwkScanHandler	16	static
../source/router_eligible_device_app.c:301:6:Stack_to_APP_Handler	16	static
../source/router_eligible_device_app.c:409:6:APP_Commissioning_Handler	80	static
../source/router_eligible_device_app.c:477:6:App_RestoreLeaderLedCb	8	static
