../source/router_eligible_device_app.c:1634:13:APP_Equipo3CounterTick	0	static
../source/router_eligible_device_app.c:564:13:APP_ThrNwkJoin	8	static
../source/router_eligible_device_app.c:836:13:APP_JoinEventsHandler	8	static
../source/router_eligible_device_app.c:582:13:App_JoinTimerCallback	8	static
../source/router_eligible_device_app.c:717:13:APP_AppModeHandleKeyboard	8	static
../source/router_eligible_device_app.c:1653:13:APP_Equipo3TimerCallback	8	static
../source/router_eligible_device_app.c:812:13:App_UpdateStateLeds	8	static
../source/router_eligible_device_app.c:603:13:APP_ConfigModeSwShortPressHandler	8	static
../source/router_eligible_device_app.c:674:13:APP_ConfigModeHandleKeyboard	8	static
../source/router_eligible_device_app.c:786:13:App_HandleKeyboard	8	static
../source/router_eligible_device_app.c:1439:13:App_RestoreLeaderLed	8	static
../source/router_eligible_device_app.c:1172:13:APP_LocalDataSinkRelease	24	static
../source/router_eligible_device_app.c:971:20:APP_SendDataSinkCommand	40	static
../source/router_eligible_device_app.c:1022:13:APP_SendDataSinkRelease	24	static
../source/router_eligible_device_app.c:884:13:APP_CoapGenericCallback	8	static
../source/router_eligible_device_app.c:1400:13:APP_CoapSinkCb	16	static
../source/router_eligible_device_app.c:1225:13:APP_ProcessLedCmd	24	static
../source/router_eligible_device_app.c:1046:13:APP_SendLedCommand	24	static
../source/router_eligible_device_app.c:1154:13:APP_SendLedColorWheel	32	static
../source/router_eligible_device_app.c:1137:13:APP_SendLedFlash	16	static
../source/router_eligible_device_app.c:1120:13:APP_SendLedRgbOff	40	static
../source/router_eligible_device_app.c:1195:13:APP_CoapLedCb	16	static
../source/router_eligible_device_app.c:1089:13:APP_SendLedRgbOn	56	static
../source/router_eligible_device_app.c:922:13:APP_ReportTemp	24	static
../source/router_eligible_device_app.c:1000:13:APP_SendDataSinkCreate	16	static
../source/router_eligible_device_app.c:536:13:APP_InitCoapDemo	96	static
../source/router_eligible_device_app.c:1544:13:APP_CoapEquipo3Cb	80	static
../source/router_eligible_device_app.c:1329:13:APP_CoapTempCb	88	static
../source/router_eligible_device_app.c:1719:13:APP_CoapAccelCb	136	static
../source/router_eligible_device_app.c:1666:13:APP_InitAccel	40	static
../source/router_eligible_device_app.c:213:6:APP_Init	8	static
../source/router_eligible_device_app.c:279:6:APP_Handler	8	static
../source/router_eligible_device_app.c:304:6:APP_NwkScanHandler	16	static
../source/router_eligible_device_app.c:330:6:Stack_to_APP_Handler	16	static
../source/router_eligible_device_app.c:452:6:APP_Commissioning_Handler	80	static
../source/router_eligible_device_app.c:520:6:App_RestoreLeaderLedCb	8	static
