12:34:15 **** Incremental Build of configuration Debug for project frdmkw41z_wireless_examples_thread_router_eligible_device_freertos_Leader_Router_1 ****
make -r -j16 all 
make[1]: Nothing to be done for 'main-build'.
Performing post-build steps
arm-none-eabi-size "frdmkw41z_wireless_examples_thread_router_eligible_device_freertos_Leader_Router_1.axf"; # arm-none-eabi-objcopy -v -O binary "frdmkw41z_wireless_examples_thread_router_eligible_device_freertos_Leader_Router_1.axf" "frdmkw41z_wireless_examples_thread_router_eligible_device_freertos_Leader_Router_1.bin" ; # checksum -p MKW41Z512xxx4 -d "frdmkw41z_wireless_examples_thread_router_eligible_device_freertos_Leader_Router_1.bin";
   text	   data	    bss	    dec	    hex	filename
 361628	  68583	  58568	 488779	  7754b	frdmkw41z_wireless_examples_thread_router_eligible_device_freertos_Leader_Router_1.axf
 

12:34:15 Build Finished. 0 errors, 0 warnings. (took 467ms)

